Signers:
	Signer's issuer DN: C=US,ST=Washington,L=Redmond,O=Microsoft Corporation,CN=Microsoft Windows Hardware Compatibility PCA
	Signer's serial: 330000001e258e7c4251c5d1fa00010000001e
	Signature Algorithm: RSA-SHA1
	Signed Attributes:
		1.3.6.1.4.1.311.2.1.12: 3064a030802e004800650077006c006500740074002d005000610063006b00610072006400200043006f006d00700061006e0079a130802e687474703a2f2f7777772e6d6963726f736f66742e636f6d2f776864632f68636c2f64656661756c742e6d737078
		1.2.840.113549.1.9.4: 0414fb79d8e67defba00ef1e59f52d1bfe48543e320d
		1.3.6.1.4.1.311.2.1.11: 300c060a2b060104018237020115
		1.2.840.113549.1.9.3: 06092b0601040182370a01
	Unsigned Attributes:
		1.2.840.113549.1.9.6: 3082021102010130818e3077310b3009060355040613025553311330110603550408130a57617368696e67746f6e3110300e060355040713075265646d6f6e64311e301c060355040a13154d6963726f736f667420436f72706f726174696f6e3121301f060355040313184d6963726f736f66742054696d652d5374616d7020504341021333000000af5347776c1bf1a3020000000000af300906052b0e03021a0500a05d301806092a864886f70d010903310b06092a864886f70d010701301c06092a864886f70d010905310f170d3136303931333231313931305a302306092a864886f70d01090431160414d30b7ae4807d078967bbca1018cd9ec3dcca3cba300d06092a864886f70d010105050004820100210ee74cf8daffba41d2c99e5d9a3214f4b1121c722e7f4b52fa6042d377f22f126cbbfbd8fcf96af71d7c6887ede977b189a76c17aec9b36befd6ad7c6ad7c92e2a1bc5954deb19b21f55622843b960ff23bd250fec65d40ec172049da38e5a0e407392420ea316704774a524ee1b40df7c32248b3d8f61452c0e4ab1730992ec68e6c496c90380ca9e12313dc823113f5280a7283bcd6251da3381e510443fe3dc7001b4ccdee2565d2923ff28323c05e4f7095a3c1bdb1e0f26ef566f4d7d6d44f8d06423908c64c70d0b029ce2218b814a55e7008983a46630d49387319b92beb3957099c0e20bc057b921cd5be4684576f86b7678324504f7274893db8a

Number of certificates: 4

-----BEGIN CERTIFICATE-----
MIIEwzCCA6ugAwIBAgITMwAAAK9TR3dsG/GjAgAAAAAArzANBgkqhkiG9w0BAQUF
ADB3MQswCQYDVQQGEwJVUzETMBEGA1UECBMKV2FzaGluZ3RvbjEQMA4GA1UEBxMH
UmVkbW9uZDEeMBwGA1UEChMVTWljcm9zb2Z0IENvcnBvcmF0aW9uMSEwHwYDVQQD
ExhNaWNyb3NvZnQgVGltZS1TdGFtcCBQQ0EwHhcNMTYwNTAzMTcxMzI1WhcNMTcw
ODAzMTcxMzI1WjCBszELMAkGA1UEBhMCVVMxEzARBgNVBAgTCldhc2hpbmd0b24x
EDAOBgNVBAcTB1JlZG1vbmQxHjAcBgNVBAoTFU1pY3Jvc29mdCBDb3Jwb3JhdGlv
bjENMAsGA1UECxMETU9QUjEnMCUGA1UECxMebkNpcGhlciBEU0UgRVNOOjMxQzUt
MzBCQS03QzkxMSUwIwYDVQQDExxNaWNyb3NvZnQgVGltZS1TdGFtcCBTZXJ2aWNl
MIIBIjANBgkqhkiG9w0BAQEFAAOCAQ8AMIIBCgKCAQEAvIU6bFARsNjTYwC3p63c
eKHrpHQuCZTbNDUUaayYlNptTs9au9YI+P9IBOKErcKjXkxftzeQaum86O7IGQlJ
Pvqr0Cms32bitA6yECmWddujRimd4ULql8Imc452jaG1pjiPfq8uZcTgYHkJ5/AM
Q+K2NuGTLEw4//BTmnBMOugRKUuUZcVQZG+E9wot5slnIe1p/VgYpt8DejA4crXF
zAeAXtj4XEY7NdE351GaIET0Y1LeKdWjnwhz2dqjhX2BJE/HDid/HYv3bnrgHBlH
fmOTkaB799B8amERbJjNJfqrCKofWxUBWq7R1iStUCFjSSvt+Q/OS2aoYsLXObA2
rwIDAQABo4IBCTCCAQUwHQYDVR0OBBYEFGgYUtBYbEj/U4U9IDez4/ZMdPF4MB8G
A1UdIwQYMBaAFCM0+NlSRnAK7UD7dvuzK7DDNbMPMFQGA1UdHwRNMEswSaBHoEWG
Q2h0dHA6Ly9jcmwubWljcm9zb2Z0LmNvbS9wa2kvY3JsL3Byb2R1Y3RzL01pY3Jv
c29mdFRpbWVTdGFtcFBDQS5jcmwwWAYIKwYBBQUHAQEETDBKMEgGCCsGAQUFBzAC
hjxodHRwOi8vd3d3Lm1pY3Jvc29mdC5jb20vcGtpL2NlcnRzL01pY3Jvc29mdFRp
bWVTdGFtcFBDQS5jcnQwEwYDVR0lBAwwCgYIKwYBBQUHAwgwDQYJKoZIhvcNAQEF
BQADggEBAIz32N/DMfk74OzCmb8uSgdkrVDlMU0+O4OWsClrjoUq0o6w2qNxSX+n
zxxbt7e7paBO+0pyf2m4XaGBLfuZW8lBRC2mR+U5K1wXzZTqy/3v1dIKyngU2cPT
1L8yaC5v6FkpDljzBfslTmPvPljhN41uKTifBPqxpO+H41lCVaG/zN6HDovSoSt8
jMOh01+9VCUsbccY6J7D9iT3erE1a0FVXy7cn9mDckXaeAOfz8cMJWlcNWqN1J+D
jUWpArxwQjVX+gxC1CUx8Z1aA+HSBfbCXaOAtLRni3VUf1Wje/mHZevDfUkM2gKd
9TcEu2IN1pDcWnjcSb5KLOPfSOU7Xz8=
-----END CERTIFICATE-----

-----BEGIN CERTIFICATE-----
MIIFaDCCBFCgAwIBAgITMwAAAB4ljnxCUcXR+gABAAAAHjANBgkqhkiG9w0BAQUF
ADCBizELMAkGA1UEBhMCVVMxEzARBgNVBAgTCldhc2hpbmd0b24xEDAOBgNVBAcT
B1JlZG1vbmQxHjAcBgNVBAoTFU1pY3Jvc29mdCBDb3Jwb3JhdGlvbjE1MDMGA1UE
AxMsTWljcm9zb2Z0IFdpbmRvd3MgSGFyZHdhcmUgQ29tcGF0aWJpbGl0eSBQQ0Ew
HhcNMTUwODE4MTgwMzU5WhcNMTYxMTE4MTgwMzU5WjCBoDELMAkGA1UEBhMCVVMx
EzARBgNVBAgTCldhc2hpbmd0b24xEDAOBgNVBAcTB1JlZG1vbmQxHjAcBgNVBAoT
FU1pY3Jvc29mdCBDb3Jwb3JhdGlvbjENMAsGA1UECxMETU9QUjE7MDkGA1UEAxMy
TWljcm9zb2Z0IFdpbmRvd3MgSGFyZHdhcmUgQ29tcGF0aWJpbGl0eSBQdWJsaXNo
ZXIwggEiMA0GCSqGSIb3DQEBAQUAA4IBDwAwggEKAoIBAQC0T8mJvC7jS8JlVaBK
u2QmH32PEXDADrEY550UUhMshTNjGiPOKAOlWyyWqNfjgv1D/gvr8TrKU/VNPagm
g6hWCBhPR+4gf9U4MfrBGaJ1D/7GtrpiczVrLb8OjdiyILO1gRxrBJ1F9GB4ClK8
JeFq2GZV3kdwKi9+fZiuNnd/bMmE41V5nGc0Y9/iaRCx/fevstXY02ugS7b2SWAM
E9eEuToXtFekE50dPACxLzJKMkRlGAnZaCcxkJ5LVUdKVxsSBQ5WDIO/8EL3FBJb
Ommin+eAZaKs4jGVJUTbkXm9OqxjJVmNX7HyknUTO4oM1IWj4U4HVErEf7cewaht
UMspAgMBAAGjggGsMIIBqDAfBgNVHSUEGDAWBggrBgEFBQcDAwYKKwYBBAGCNwoD
BTAdBgNVHQ4EFgQUq8xkJml7DihPiwEa71js/Ux0JvwwUQYDVR0RBEowSKRGMEQx
DTALBgNVBAsTBE1PUFIxMzAxBgNVBAUTKjMxNjQxKzE4YjlmYjdlLTcwYmMtNGFh
OC1iMTYwLTA0NTRkMjhhYTViNDAfBgNVHSMEGDAWgBQozO9hpHy8P5Zr9g0if2or
gIg+LTB2BgNVHR8EbzBtMGugaaBnhmVodHRwOi8vd3d3Lm1pY3Jvc29mdC5jb20v
cGtpL0NSTC9wcm9kdWN0cy9NaWNyb3NvZnQlMjBXaW5kb3dzJTIwSGFyZHdhcmUl
MjBDb21wYXRpYmlsaXR5JTIwUENBKDEpLmNybDB6BggrBgEFBQcBAQRuMGwwagYI
KwYBBQUHMAKGXmh0dHA6Ly93d3cubWljcm9zb2Z0LmNvbS9wa2kvY2VydHMvTWlj
cm9zb2Z0JTIwV2luZG93cyUyMEhhcmR3YXJlJTIwQ29tcGF0aWJpbGl0eSUyMFBD
QSgxKS5jcnQwDQYJKoZIhvcNAQEFBQADggEBAKEe7l/ZvxP2YahM0oz0kSWIVSLH
QJ2QZU2dr6l6wd1u4lcUWZLe+WyBfR7/rUEwuaZ9QIgTmuAbPq2R8U7fqNZz6t8G
02MpBBvrodBBh4wgFvUCyHtrF+DlVFF/3OOcG1ntR4CC9z5L1lkrsKLBYxse/L+N
Ndq3LPmlRaSipumnPyWytH8ttso8QB3T2Hoa8uEtkU0g3w8KudveM33peya9JIAS
xesCB89EfCV3FVqHSVdHDBWghurBUG+MT494meaICh8ihSl/vvI1/oznFIGK/oQn
pCX6u0si7RkLdP6Uv2F8LBcFY+T0ILew1fR1GNErved+XHKVbVUSE9aGGiM=
-----END CERTIFICATE-----

-----BEGIN CERTIFICATE-----
MIIF2DCCA8CgAwIBAgITMwAAADguUOhqmJ2VfwAAAAAAODANBgkqhkiG9w0BAQUF
ADBfMRMwEQYKCZImiZPyLGQBGRYDY29tMRkwFwYKCZImiZPyLGQBGRYJbWljcm9z
b2Z0MS0wKwYDVQQDEyRNaWNyb3NvZnQgUm9vdCBDZXJ0aWZpY2F0ZSBBdXRob3Jp
dHkwHhcNMTIwNjA0MjEwNTQ2WhcNMjAwNjA0MjExNTQ2WjCBizELMAkGA1UEBhMC
VVMxEzARBgNVBAgTCldhc2hpbmd0b24xEDAOBgNVBAcTB1JlZG1vbmQxHjAcBgNV
BAoTFU1pY3Jvc29mdCBDb3Jwb3JhdGlvbjE1MDMGA1UEAxMsTWljcm9zb2Z0IFdp
bmRvd3MgSGFyZHdhcmUgQ29tcGF0aWJpbGl0eSBQQ0EwggEiMA0GCSqGSIb3DQEB
AQUAA4IBDwAwggEKAoIBAQCsge7/cvvtvGEDyhF28m5hWnKgIgiQb+M/TWny9z0m
bEBUJARQMARhfcmZFTNt+xWD4xLPR5YXA7iQW8vLXC4batD6Y06OZYHxDlXA60Uy
fCjwWrXhSMlQbvUAn0GhtVcRYrfS1+cYFM1H9LNxX27jc0Qo4cof5LlAUBYcAURo
blBRbpI+h7NDIXW5wqEug0J3F0kDErCaeWxqLUU+ETWLlCsicZBjZbPysBO26bBg
rclcwivZU5bg88D6WkH9FWRKmAAiLZ1mfAQsvHap7thWmdGmX7xoEODzK9E5JAqT
ByQxDl+7n7JZ0q3UJ3t639erUtZuyIkuIBczgAEmigunAgMBAAGjggFeMIIBWjAP
BgNVHRMBAf8EBTADAQH/MB0GA1UdDgQWBBQozO9hpHy8P5Zr9g0if2orgIg+LTAL
BgNVHQ8EBAMCAYYwEgYJKwYBBAGCNxUBBAUCAwEAATAjBgkrBgEEAYI3FQIEFgQU
csgQ1cQCzn5FX6fciH4uYY/yDHEwGQYJKwYBBAGCNxQCBAweCgBTAHUAYgBDAEEw
HwYDVR0jBBgwFoAUDqyCYEBWJ5flJRP8KuEKU5VZ5KQwUAYDVR0fBEkwRzBFoEOg
QYY/aHR0cDovL2NybC5taWNyb3NvZnQuY29tL3BraS9jcmwvcHJvZHVjdHMvbWlj
cm9zb2Z0cm9vdGNlcnQuY3JsMFQGCCsGAQUFBwEBBEgwRjBEBggrBgEFBQcwAoY4
aHR0cDovL3d3dy5taWNyb3NvZnQuY29tL3BraS9jZXJ0cy9NaWNyb3NvZnRSb290
Q2VydC5jcnQwDQYJKoZIhvcNAQEFBQADggIBAA3fmJmTGKEfF3qxNQ+/Nqdn8Zqu
nStoePAN9GvlUeGiAGx99k9Uk3apKcktFcsehL/e21NjjJn1GevB4MExaSn4CP7r
QJihdCoIXh218GSynkXVHsCC25SNZifFwT2M7DGpTiaCwuOhHR95WVe1lZ4r8Vc1
8WXuUyM2/XJQRy9WSxEMAzFl6dFR6Ey7GBZsR5vxk8ytevtOClp99VVGc+69nMfp
VhbFvcH0MjaY9n5iTl3lRxee6KLvGgNva1NnkNi3mN61ZSeaLvfWBphoPlclgpBQ
dEx59XCmCtWipC3KhmO0qkA6Q85B7XYFPVCdvv4K+L4ApwNDnn4w+CxD0EzV5OXM
/qi8fg2CfJMaMntfYNto1hWSqWRPtzvoEu0ugZGt1V5TVpXN61eR4pDhosipJiUi
gDhdBIgS4DMiXYSQJj5P3DarcEJZI6eNaqE6xvcdEm8REPr1zzw/GIAmIcVe2sQ1
YdkAKwywKH7jfyrHFZ9/Cf7mf4cB7Q851Q4bnf6vFhFq8wHQwBveFDmZIwDfnkcH
fWKTaRy9xKqm/LrAcf6ouPOuyQNBKDNKwVNYQJuLg3FQPZ+6PyyIT8ZIsFs5CO1x
CuJsdQnvElPWD8GWQSCfT4jQaVmSvPJVXnmQhvkpEhrNN4BXxtPGi5srYzeHAanM
um5QwMgMd80KU3me
-----END CERTIFICATE-----

-----BEGIN CERTIFICATE-----
MIIGBzCCA++gAwIBAgIKYRZoNAAAAAAAHDANBgkqhkiG9w0BAQUFADBfMRMwEQYK
CZImiZPyLGQBGRYDY29tMRkwFwYKCZImiZPyLGQBGRYJbWljcm9zb2Z0MS0wKwYD
VQQDEyRNaWNyb3NvZnQgUm9vdCBDZXJ0aWZpY2F0ZSBBdXRob3JpdHkwHhcNMDcw
NDAzMTI1MzA5WhcNMjEwNDAzMTMwMzA5WjB3MQswCQYDVQQGEwJVUzETMBEGA1UE
CBMKV2FzaGluZ3RvbjEQMA4GA1UEBxMHUmVkbW9uZDEeMBwGA1UEChMVTWljcm9z
b2Z0IENvcnBvcmF0aW9uMSEwHwYDVQQDExhNaWNyb3NvZnQgVGltZS1TdGFtcCBQ
Q0EwggEiMA0GCSqGSIb3DQEBAQUAA4IBDwAwggEKAoIBAQCfoWyx39tIkip8ay4Z
4b3i48WZUSNQrc7dGE4kD+7Rp9FMrXQwIBHrB9VUlRVJlBtCkq6YXDAm2gBr6Hu9
7IkHD/cOBJjwicwfyzMkh53y9GccLPx754gd6udOo6HBI1PKjfpFzwnQXq/QsEIE
ovmmbJNn1yjcRlOwhtDlKEYuJ6yGT1VSDOQDLPtqkJAwbofzWTCd+n7Wl7PoIZd+
+NIT8wi3U21StEWQn0gASkdmEScpZqiX5NMGgUqi+YSnEUcUCYKfhO1VeP4Bmh1Q
CIUAEDBG7bfeI0a7xC1Un68eeEExd8yb3zuDk6FhArUdDbH895uyAc4iS1T/+QXD
wiALAgMBAAGjggGrMIIBpzAPBgNVHRMBAf8EBTADAQH/MB0GA1UdDgQWBBQjNPjZ
UkZwCu1A+3b7syuwwzWzDzALBgNVHQ8EBAMCAYYwEAYJKwYBBAGCNxUBBAMCAQAw
gZgGA1UdIwSBkDCBjYAUDqyCYEBWJ5flJRP8KuEKU5VZ5KShY6RhMF8xEzARBgoJ
kiaJk/IsZAEZFgNjb20xGTAXBgoJkiaJk/IsZAEZFgltaWNyb3NvZnQxLTArBgNV
BAMTJE1pY3Jvc29mdCBSb290IENlcnRpZmljYXRlIEF1dGhvcml0eYIQea0WoUqg
pa1Mc1j0BxMuZTBQBgNVHR8ESTBHMEWgQ6BBhj9odHRwOi8vY3JsLm1pY3Jvc29m
dC5jb20vcGtpL2NybC9wcm9kdWN0cy9taWNyb3NvZnRyb290Y2VydC5jcmwwVAYI
KwYBBQUHAQEESDBGMEQGCCsGAQUFBzAChjhodHRwOi8vd3d3Lm1pY3Jvc29mdC5j
b20vcGtpL2NlcnRzL01pY3Jvc29mdFJvb3RDZXJ0LmNydDATBgNVHSUEDDAKBggr
BgEFBQcDCDANBgkqhkiG9w0BAQUFAAOCAgEAEJeKw1wDRDbd6bStd9vOeVFNAbEu
dHFbbQwTq86+e4+4LtQSooxtYrhXAstOIBNQmd16QOJXu69YmhzhHQGGrLt48ovQ
7DsB7uK+jwoFyI1I4vBTFd1Pq5Lk541q1YDB5pTyBi+FA+mRKiQicPv2/OR4mS4N
9wficLwYTp2OawpylbihOZxnLcVRDupiXD8WmIsgP+IHGjL5zDFKdjE9K3ILyOpw
Pf+FChPfwgphjvDXuBfrTot/xTUrXqO/67x9C0J71FNyIe4wyrt4ZVxbARcKFA7S
2hSY9Ty5ZlizLS/n+YWGzFFW6J1wlGysOUzU9nm/qhh6YinvopspNAZ3GmLJPR5t
H4LwC8csu89Ds+X57H2146SodDW4TsVxIxImdgs8UoxxWkZDFLyzs7BNZ8ifQv+A
eSGAnhUwZuhCEl4ayJ4iIdBD6Svpu/RIzCzU2DKATCYqSCRfWupW76bemZ3KOm+9
gSd0BhHudiG/m4LBJ1S2sWo9iaF2YbRuoROmv6pH8BJv/YoybLL+31HIjCPJZr2d
HYcSZAI9La9Zj7jkIeW1sMpjtHhUBdRBLlCslLCleKuzoJZ1GtmShxN1Ii8yqAhu
oFuMJb+g74TKIdbrHk/Jmu5J4PcBZW+JC33Iacjmbuqnl84xKf8OxVtc2E0bodj6
L54/LlUWa8kTo/0=
-----END CERTIFICATE-----

